error: file not found: C:\Java
